[32m2026-07-10 10:10:54.411[0m | [1mINFO    [0m | [36mapscheduler.executors.base[0m:[36mrun_job[0m:[36m125[0m - [1m厂牌同步完成[0m
[32m2026-07-10 10:20:00.216[0m | [1mINFO    [0m | [36mapscheduler.executors.base[0m:[36mrun_job[0m:[36m125[0m - [1m演员榜单同步完成[0m
[32m2026-07-10 10:45:00.002[0m | [1mINFO    [0m | [36mapscheduler.executors.base[0m:[36mrun_job[0m:[36m125[0m - [1m开始同步今日上新[0m
[32m2026-07-10 10:45:00.237[0m | [1mINFO    [0m | [36mapscheduler.executors.base[0m:[36mrun_job[0m:[36m125[0m - [1m今日上新同步完成[0m
[32m2026-07-10 12:00:00.310[0m | [1mINFO    [0m | [36mapscheduler.executors.base[0m:[36mrun_job[0m:[36m125[0m - [1m热门榜单同步完成[0m
[32m2026-07-10 12:10:00.007[0m | [1mINFO    [0m | [36mapscheduler.executors.base[0m:[36mrun_job[0m:[36m125[0m - [1m开始获取s1发售番号[0m
[32m2026-07-10 12:10:08.926[0m | [1mINFO    [0m | [36mapscheduler.executors.base[0m:[36mrun_job[0m:[36m125[0m - [1ms1-0成功获取 22 个车牌号[0m
[32m2026-07-10 12:10:19.057[0m | [1mINFO    [0m | [36mapscheduler.executors.base[0m:[36mrun_job[0m:[36m125[0m - [1ms1-1成功获取 2 个车牌号[0m
[32m2026-07-10 12:10:26.671[0m | [1mINFO    [0m | [36mapscheduler.executors.base[0m:[36mrun_job[0m:[36m125[0m - [1ms1-2成功获取 1 个车牌号[0m
[32m2026-07-10 12:10:34.793[0m | [1mINFO    [0m | [36mapscheduler.executors.base[0m:[36mrun_job[0m:[36m125[0m - [1ms1-3成功获取 20 个车牌号[0m
[32m2026-07-10 12:10:44.517[0m | [1mINFO    [0m | [36mapscheduler.executors.base[0m:[36mrun_job[0m:[36m125[0m - [1ms1-4成功获取 1 个车牌号[0m
[32m2026-07-10 12:10:44.518[0m | [1mINFO    [0m | [36mapscheduler.executors.base[0m:[36mrun_job[0m:[36m125[0m - [1m开始获取moodyz发售番号[0m
[32m2026-07-10 12:10:54.898[0m | [1mINFO    [0m | [36mapscheduler.executors.base[0m:[36mrun_job[0m:[36m125[0m - [1mmoodyz-0成功获取 0 个车牌号[0m
[32m2026-07-10 12:11:08.955[0m | [1mINFO    [0m | [36mapscheduler.executors.base[0m:[36mrun_job[0m:[36m125[0m - [1mmoodyz-1成功获取 25 个车牌号[0m
[32m2026-07-10 12:11:19.259[0m | [1mINFO    [0m | [36mapscheduler.executors.base[0m:[36mrun_job[0m:[36m125[0m - [1mmoodyz-2成功获取 22 个车牌号[0m
[32m2026-07-10 12:11:29.727[0m | [1mINFO    [0m | [36mapscheduler.executors.base[0m:[36mrun_job[0m:[36m125[0m - [1mmoodyz-3成功获取 2 个车牌号[0m
[32m2026-07-10 12:11:43.589[0m | [1mINFO    [0m | [36mapscheduler.executors.base[0m:[36mrun_job[0m:[36m125[0m - [1mmoodyz-4成功获取 30 个车牌号[0m
[32m2026-07-10 12:11:43.590[0m | [1mINFO    [0m | [36mapscheduler.executors.base[0m:[36mrun_job[0m:[36m125[0m - [1m开始获取wanz发售番号[0m
[32m2026-07-10 12:12:08.446[0m | [1mINFO    [0m | [36mapscheduler.executors.base[0m:[36mrun_job[0m:[36m125[0m - [1mwanz-0成功获取 13 个车牌号[0m
[32m2026-07-10 12:12:10.317[0m | [1mINFO    [0m | [36mapscheduler.executors.base[0m:[36mrun_job[0m:[36m125[0m - [1mwanz-1成功获取 11 个车牌号[0m
[32m2026-07-10 12:12:11.957[0m | [1mINFO    [0m | [36mapscheduler.executors.base[0m:[36mrun_job[0m:[36m125[0m - [1mwanz-2成功获取 1 个车牌号[0m
[32m2026-07-10 12:12:24.680[0m | [1mINFO    [0m | [36mapscheduler.executors.base[0m:[36mrun_job[0m:[36m125[0m - [1mwanz-3成功获取 10 个车牌号[0m
[32m2026-07-10 12:12:36.498[0m | [1mINFO    [0m | [36mapscheduler.executors.base[0m:[36mrun_job[0m:[36m125[0m - [1mwanz-4成功获取 10 个车牌号[0m
[32m2026-07-10 12:12:36.893[0m | [1mINFO    [0m | [36mapscheduler.executors.base[0m:[36mrun_job[0m:[36m125[0m - [1mAVBase古法抓取SIVR-503成功[0m
[32m2026-07-10 12:12:37.243[0m | [1mINFO    [0m | [36mapscheduler.executors.base[0m:[36mrun_job[0m:[36m125[0m - [1mAVBase古法抓取SIVR-498成功[0m
[32m2026-07-10 12:12:37.247[0m | [1mINFO    [0m | [36mapscheduler.executors.base[0m:[36mrun_job[0m:[36m125[0m - [1m厂牌同步完成[0m
[32m2026-07-10 12:20:00.030[0m | [1mINFO    [0m | [36mapscheduler.executors.base[0m:[36mrun_job[0m:[36m125[0m - [1m演员榜单同步完成[0m
[32m2026-07-10 12:30:00.001[0m | [1mINFO    [0m | [36mapscheduler.executors.base[0m:[36mrun_job[0m:[36m125[0m - [1m开始补充缺失的横图[0m
[32m2026-07-10 12:30:01.279[0m | [1mINFO    [0m | [36mapscheduler.executors.base[0m:[36mrun_job[0m:[36m125[0m - [1mhttps://www.javbus.com/ACMS-007爬取失败:404 Page Not Found! - JavBus[0m
[32m2026-07-10 12:30:01.706[0m | [31m[1mERROR   [0m | [36mapscheduler.executors.base[0m:[36mrun_job[0m:[36m125[0m - [31m[1mhttps://api.btyjscl.com/api/v2/search?q=ACMS-007请求失败: Failed to perform, curl: (60) SSL certificate problem: certificate has expired. See https://curl.se/libcurl/c/libcurl-errors.html first for more details.[0m
[32m2026-07-10 12:30:02.430[0m | [1mINFO    [0m | [36mapscheduler.executors.base[0m:[36mrun_job[0m:[36m125[0m - [1m横图补充完成,共 1 张[0m
[32m2026-07-10 14:00:00.375[0m | [1mINFO    [0m | [36mapscheduler.executors.base[0m:[36mrun_job[0m:[36m125[0m - [1m热门榜单同步完成[0m
[32m2026-07-10 14:10:00.007[0m | [1mINFO    [0m | [36mapscheduler.executors.base[0m:[36mrun_job[0m:[36m125[0m - [1m开始获取premium发售番号[0m
[32m2026-07-10 14:10:11.035[0m | [1mINFO    [0m | [36mapscheduler.executors.base[0m:[36mrun_job[0m:[36m125[0m - [1mpremium-0成功获取 8 个车牌号[0m
[32m2026-07-10 14:10:22.905[0m | [1mINFO    [0m | [36mapscheduler.executors.base[0m:[36mrun_job[0m:[36m125[0m - [1mpremium-1成功获取 1 个车牌号[0m
[32m2026-07-10 14:10:52.910[0m | [31m[1mERROR   [0m | [36mapscheduler.executors.base[0m:[36mrun_job[0m:[36m125[0m - [31m[1mhttps://premium-beauty.com/works/list/date/2026-06-16请求失败: Failed to perform, curl: (28) Operation timed out after 30001 milliseconds with 0 bytes received. See https://curl.se/libcurl/c/libcurl-errors.html first for more details.[0m
[32m2026-07-10 14:10:52.911[0m | [1mINFO    [0m | [36mapscheduler.executors.base[0m:[36mrun_job[0m:[36m125[0m - [1mpremium-2成功获取 0 个车牌号[0m
[32m2026-07-10 14:11:21.186[0m | [1mINFO    [0m | [36mapscheduler.executors.base[0m:[36mrun_job[0m:[36m125[0m - [1mpremium-3成功获取 12 个车牌号[0m
[32m2026-07-10 14:11:45.766[0m | [1mINFO    [0m | [36mapscheduler.executors.base[0m:[36mrun_job[0m:[36m125[0m - [1mpremium-4成功获取 12 个车牌号[0m
[32m2026-07-10 14:11:45.766[0m | [1mINFO    [0m | [36mapscheduler.executors.base[0m:[36mrun_job[0m:[36m125[0m - [1m开始获取attackers发售番号[0m
[32m2026-07-10 14:12:08.122[0m | [1mINFO    [0m | [36mapscheduler.executors.base[0m:[36mrun_job[0m:[36m125[0m - [1mattackers-0成功获取 23 个车牌号[0m
[32m2026-07-10 14:12:18.586[0m | [1mINFO    [0m | [36mapscheduler.executors.base[0m:[36mrun_job[0m:[36m125[0m - [1mattackers-1成功获取 1 个车牌号[0m
[32m2026-07-10 14:12:21.950[0m | [1mINFO    [0m | [36mapscheduler.executors.base[0m:[36mrun_job[0m:[36m125[0m - [1mattackers-2成功获取 22 个车牌号[0m
[32m2026-07-10 14:12:23.078[0m | [1mINFO    [0m | [36mapscheduler.executors.base[0m:[36mrun_job[0m:[36m125[0m - [1mattackers-3成功获取 0 个车牌号[0m
[32m2026-07-10 14:12:26.383[0m | [1mINFO    [0m | [36mapscheduler.executors.base[0m:[36mrun_job[0m:[36m125[0m - [1mattackers-4成功获取 23 个车牌号[0m
[32m2026-07-10 14:12:26.389[0m | [1mINFO    [0m | [36mapscheduler.executors.base[0m:[36mrun_job[0m:[36m125[0m - [1m厂牌同步完成[0m
[32m2026-07-10 14:20:00.039[0m | [1mINFO    [0m | [36mapscheduler.executors.base[0m:[36mrun_job[0m:[36m125[0m - [1m演员榜单同步完成[0m
[32m2026-07-10 15:45:00.001[0m | [1mINFO    [0m | [36mapscheduler.executors.base[0m:[36mrun_job[0m:[36m125[0m - [1m开始同步今日上新[0m
[32m2026-07-10 15:45:00.158[0m | [1mINFO    [0m | [36mapscheduler.executors.base[0m:[36mrun_job[0m:[36m125[0m - [1m今日上新同步完成[0m
[32m2026-07-10 16:00:00.184[0m | [1mINFO    [0m | [36mapscheduler.executors.base[0m:[36mrun_job[0m:[36m125[0m - [1m热门榜单同步完成[0m
[32m2026-07-10 16:10:00.006[0m | [1mINFO    [0m | [36mapscheduler.executors.base[0m:[36mrun_job[0m:[36m125[0m - [1m开始获取ip发售番号[0m
[32m2026-07-10 16:10:12.156[0m | [1mINFO    [0m | [36mapscheduler.executors.base[0m:[36mrun_job[0m:[36m125[0m - [1mip-0成功获取 1 个车牌号[0m
[32m2026-07-10 16:10:20.289[0m | [1mINFO    [0m | [36mapscheduler.executors.base[0m:[36mrun_job[0m:[36m125[0m - [1mip-1成功获取 22 个车牌号[0m
[32m2026-07-10 16:10:21.178[0m | [1mINFO    [0m | [36mapscheduler.executors.base[0m:[36mrun_job[0m:[36m125[0m - [1mip-2成功获取 0 个车牌号[0m
[32m2026-07-10 16:10:30.985[0m | [1mINFO    [0m | [36mapscheduler.executors.base[0m:[36mrun_job[0m:[36m125[0m - [1mip-3成功获取 2 个车牌号[0m
[32m2026-07-10 16:10:42.819[0m | [1mINFO    [0m | [36mapscheduler.executors.base[0m:[36mrun_job[0m:[36m125[0m - [1mip-4成功获取 1 个车牌号[0m
[32m2026-07-10 16:10:42.819[0m | [1mINFO    [0m | [36mapscheduler.executors.base[0m:[36mrun_job[0m:[36m125[0m - [1m开始获取das发售番号[0m
[32m2026-07-10 16:10:58.384[0m | [1mINFO    [0m | [36mapscheduler.executors.base[0m:[36mrun_job[0m:[36m125[0m - [1mdas-0成功获取 0 个车牌号[0m
[32m2026-07-10 16:11:15.116[0m | [1mINFO    [0m | [36mapscheduler.executors.base[0m:[36mrun_job[0m:[36m125[0m - [1mdas-1成功获取 15 个车牌号[0m
[32m2026-07-10 16:11:26.950[0m | [1mINFO    [0m | [36mapscheduler.executors.base[0m:[36mrun_job[0m:[36m125[0m - [1mdas-2成功获取 1 个车牌号[0m
[32m2026-07-10 16:11:38.422[0m | [1mINFO    [0m | [36mapscheduler.executors.base[0m:[36mrun_job[0m:[36m125[0m - [1mdas-3成功获取 2 个车牌号[0m
[32m2026-07-10 16:11:49.157[0m | [1mINFO    [0m | [36mapscheduler.executors.base[0m:[36mrun_job[0m:[36m125[0m - [1mdas-4成功获取 18 个车牌号[0m
[32m2026-07-10 16:11:49.163[0m | [1mINFO    [0m | [36mapscheduler.executors.base[0m:[36mrun_job[0m:[36m125[0m - [1m厂牌同步完成[0m
[32m2026-07-10 16:20:00.044[0m | [1mINFO    [0m | [36mapscheduler.executors.base[0m:[36mrun_job[0m:[36m125[0m - [1m演员榜单同步完成[0m
[32m2026-07-10 18:00:00.695[0m | [31m[1mERROR   [0m | [36mapscheduler.executors.base[0m:[36mrun_job[0m:[36m125[0m - [31m[1mhttps://api.btyjscl.com/api/v1/rankings?type=0&period=daily请求失败: Failed to perform, curl: (60) SSL certificate problem: certificate has expired. See https://curl.se/libcurl/c/libcurl-errors.html first for more details.[0m
[32m2026-07-10 18:00:01.163[0m | [1mINFO    [0m | [36mapscheduler.executors.base[0m:[36mrun_job[0m:[36m125[0m - [1m获取AVDB daily榜单成功：共49条[0m
[32m2026-07-10 18:00:01.255[0m | [31m[1mERROR   [0m | [36mapscheduler.executors.base[0m:[36mrun_job[0m:[36m125[0m - [31m[1mhttps://api.btyjscl.com/api/v1/rankings?type=0&period=weekly请求失败: Failed to perform, curl: (60) SSL certificate problem: certificate has expired. See https://curl.se/libcurl/c/libcurl-errors.html first for more details.[0m
[32m2026-07-10 18:00:01.717[0m | [1mINFO    [0m | [36mapscheduler.executors.base[0m:[36mrun_job[0m:[36m125[0m - [1m获取AVDB weekly榜单成功：共49条[0m
[32m2026-07-10 18:00:01.767[0m | [31m[1mERROR   [0m | [36mapscheduler.executors.base[0m:[36mrun_job[0m:[36m125[0m - [31m[1mhttps://api.btyjscl.com/api/v1/rankings?type=0&period=monthly请求失败: Failed to perform, curl: (60) SSL certificate problem: certificate has expired. See https://curl.se/libcurl/c/libcurl-errors.html first for more details.[0m
[32m2026-07-10 18:00:02.228[0m | [1mINFO    [0m | [36mapscheduler.executors.base[0m:[36mrun_job[0m:[36m125[0m - [1m获取AVDB monthly榜单成功：共49条[0m
[32m2026-07-10 18:00:02.238[0m | [1mINFO    [0m | [36mapscheduler.executors.base[0m:[36mrun_job[0m:[36m125[0m - [1m热门榜单同步完成[0m
[32m2026-07-10 18:10:00.006[0m | [1mINFO    [0m | [36mapscheduler.executors.base[0m:[36mrun_job[0m:[36m125[0m - [1m开始获取madonna发售番号[0m
[32m2026-07-10 18:10:09.718[0m | [1mINFO    [0m | [36mapscheduler.executors.base[0m:[36mrun_job[0m:[36m125[0m - [1mmadonna-0成功获取 1 个车牌号[0m
[32m2026-07-10 18:10:23.749[0m | [1mINFO    [0m | [36mapscheduler.executors.base[0m:[36mrun_job[0m:[36m125[0m - [1mmadonna-1成功获取 30 个车牌号[0m
[32m2026-07-10 18:10:24.226[0m | [1mINFO    [0m | [36mapscheduler.executors.base[0m:[36mrun_job[0m:[36m125[0m - [1mmadonna-2成功获取 0 个车牌号[0m
[32m2026-07-10 18:10:24.482[0m | [1mINFO    [0m | [36mapscheduler.executors.base[0m:[36mrun_job[0m:[36m125[0m - [1mmadonna-3成功获取 0 个车牌号[0m
[32m2026-07-10 18:10:40.280[0m | [1mINFO    [0m | [36mapscheduler.executors.base[0m:[36mrun_job[0m:[36m125[0m - [1mmadonna-4成功获取 29 个车牌号[0m
[32m2026-07-10 18:10:40.287[0m | [1mINFO    [0m | [36mapscheduler.executors.base[0m:[36mrun_job[0m:[36m125[0m - [1m厂牌同步完成[0m
[32m2026-07-10 18:20:00.199[0m | [1mINFO    [0m | [36mapscheduler.executors.base[0m:[36mrun_job[0m:[36m125[0m - [1m演员榜单同步完成[0m
[32m2026-07-10 20:00:00.002[0m | [1mINFO    [0m | [36mapscheduler.executors.base[0m:[36mrun_job[0m:[36m125[0m - [1m开始执行榜单订阅任务[0m
[32m2026-07-10 20:00:00.369[0m | [1mINFO    [0m | [36mapscheduler.executors.base[0m:[36mrun_job[0m:[36m125[0m - [1m热门榜单同步完成[0m
[32m2026-07-10 20:00:00.898[0m | [1mINFO    [0m | [36mapscheduler.executors.base[0m:[36mrun_job[0m:[36m125[0m - [1m榜单订阅完成，此次共订阅 7 个番号[0m
[32m2026-07-10 20:10:00.007[0m | [1mINFO    [0m | [36mapscheduler.executors.base[0m:[36mrun_job[0m:[36m125[0m - [1m开始获取honnaka发售番号[0m
[32m2026-07-10 20:10:14.846[0m | [1mINFO    [0m | [36mapscheduler.executors.base[0m:[36mrun_job[0m:[36m125[0m - [1mhonnaka-0成功获取 7 个车牌号[0m
[32m2026-07-10 20:10:15.163[0m | [1mINFO    [0m | [36mapscheduler.executors.base[0m:[36mrun_job[0m:[36m125[0m - [1mhonnaka-1成功获取 0 个车牌号[0m
[32m2026-07-10 20:10:30.306[0m | [1mINFO    [0m | [36mapscheduler.executors.base[0m:[36mrun_job[0m:[36m125[0m - [1mhonnaka-2成功获取 1 个车牌号[0m
[32m2026-07-10 20:10:43.088[0m | [1mINFO    [0m | [36mapscheduler.executors.base[0m:[36mrun_job[0m:[36m125[0m - [1mhonnaka-3成功获取 1 个车牌号[0m
[32m2026-07-10 20:10:58.601[0m | [1mINFO    [0m | [36mapscheduler.executors.base[0m:[36mrun_job[0m:[36m125[0m - [1mhonnaka-4成功获取 7 个车牌号[0m
[32m2026-07-10 20:10:58.608[0m | [1mINFO    [0m | [36mapscheduler.executors.base[0m:[36mrun_job[0m:[36m125[0m - [1m厂牌同步完成[0m
[32m2026-07-10 20:20:00.211[0m | [1mINFO    [0m | [36mapscheduler.executors.base[0m:[36mrun_job[0m:[36m125[0m - [1m演员榜单同步完成[0m
[32m2026-07-10 20:45:00.001[0m | [1mINFO    [0m | [36mapscheduler.executors.base[0m:[36mrun_job[0m:[36m125[0m - [1m开始同步今日上新[0m
[32m2026-07-10 20:45:00.143[0m | [1mINFO    [0m | [36mapscheduler.executors.base[0m:[36mrun_job[0m:[36m125[0m - [1m今日上新同步完成[0m
[32m2026-07-10 20:48:54.789[0m | [31m[1mERROR   [0m | [36mthreading[0m:[36mrun[0m:[36m1012[0m - [31m[1m发送telegram消息失败：A request to the Telegram API was unsuccessful. Error code: 400. Description: Bad Request: message is too long[0m
2026-07-10 20:50:45,906 WARN received SIGTERM indicating exit request
[32m2026-07-10 20:50:46.109[0m | [1mINFO    [0m | [36mcontextlib[0m:[36m__aexit__[0m:[36m217[0m - [1m定时任务已关闭[0m
[32m2026-07-10 20:50:59.543[0m | [1mINFO    [0m | [36mcontextlib[0m:[36m__aenter__[0m:[36m210[0m - [1m当前版本:1.27.4[0m
[32m2026-07-10 20:50:59.591[0m | [1mINFO    [0m | [36mcontextlib[0m:[36m__aenter__[0m:[36m210[0m - [1m初始账号: admin[0m
[32m2026-07-10 20:50:59.591[0m | [1mINFO    [0m | [36mcontextlib[0m:[36m__aenter__[0m:[36m210[0m - [1m初始密码: dyHS7rZeltrm6ujH[0m
[32m2026-07-10 20:50:59.602[0m | [1mINFO    [0m | [36mcontextlib[0m:[36m__aenter__[0m:[36m210[0m - [1mWEB服务已启动,请访问：http://127.0.0.1:3750[0m
[32m2026-07-10 20:51:15.891[0m | [31m[1mERROR   [0m | [36mfastapi.routing[0m:[36mrun_endpoint_function[0m:[36m163[0m - [31m[1m重置账号密码token: ioAW3eGQVpRcwTYRl57DTDYRfBDyYO7P[0m
